postgres://dbuser:********@dbhost:5432/somedb
Here's a log entry: postgres://username:********@dbhost:5432/somedb and some more text: jdbc:postgresql://foo:********@db.example.com/fizzbuzz the end.
postgres://db.example.com/database
postgres://dbuser:********@dbhost:5432/somedb
This is the ******** from above.
